============================= test session starts =============================
platform win32 -- Python 3.14.5, pytest-9.1.1, pluggy-1.6.0
rootdir: C:\Users\Aaron\Desktop\Discovery
plugins: anyio-4.13.0, typeguard-4.5.2
collected 21 items

tests\test_candidate_gen.py ........                                     [ 38%]
tests\test_checkpoint_manager.py F                                       [ 42%]
tests\test_data_layer.py ...                                             [ 57%]
tests\test_knowledge_graph.py .FF                                        [ 71%]
tests\test_research_engine.py ..                                         [ 80%]
tests\test_state_manager.py F.F                                          [ 95%]
tests\test_transfer_learning.py .                                        [100%]

================================== FAILURES ===================================
______________________ test_checkpoint_manager_save_load ______________________

test_lake = <superconductor.materials_lake.MaterialsLake object at 0x0000019EE77DB610>
tmp_path = WindowsPath('C:/Users/Aaron/AppData/Local/Temp/pytest-of-Aaron/pytest-21/test_checkpoint_manager_save_l0')

    def test_checkpoint_manager_save_load(test_lake, tmp_path):
        exp = Experiment()
        exp.save_to_lake(test_lake)
    
        manager = UniversalCheckpointManager(test_lake)
        model = DummyModel()
        optimizer = torch.optim.SGD(model.parameters(), lr=0.1)
    
        # Modify model slightly
        with torch.no_grad():
            model.linear.weight.fill_(1.5)
    
        chkpt_dir = str(tmp_path / "checkpoints")
    
        filepath = manager.save_checkpoint(
            experiment=exp,
            model=model,
            optimizer=optimizer,
            scheduler=None,
            scaler=None,
            epoch=5,
            step=100,
            metrics={"val_loss": 0.05},
            dataset_hash="hash123",
            stage_name="FINE_TUNING",
            checkpoint_dir=chkpt_dir
        )
    
        assert os.path.exists(filepath)
    
        # Load into new model
        new_model = DummyModel()
        new_optimizer = torch.optim.SGD(new_model.parameters(), lr=0.01) # different LR
    
        epoch, step, metrics = manager.load_checkpoint(filepath, new_model, new_optimizer)
    
        assert epoch == 5
        assert step == 100
        assert metrics["val_loss"] == 0.05
>       assert new_model.linear.weight.item() == 1.5
               ^^^^^^^^^^^^^^^^^^^^^^^^^^^^^^
E       RuntimeError: a Tensor with 10 elements cannot be converted to Scalar

tests\test_checkpoint_manager.py:58: RuntimeError
_________________________ test_event_sourcing_append __________________________

test_lake = <superconductor.materials_lake.MaterialsLake object at 0x0000019EAFF42C40>

    def test_event_sourcing_append(test_lake):
        registry = MaterialRegistry(test_lake)
        exp_reg = ExperimentRegistry(test_lake)
    
        exp = exp_reg.register_experiment({"test": 1})
    
        mat_id = gen_id("MAT")
        entity = MaterialEntity(
            id=mat_id,
            formula="SrTiO3",
            reduced_formula="SrTiO3",
            source="Imported"
        )
    
        # First prediction event
        p1 = PredictionRecord(experiment_id=exp.id, predicted_tc=10.0)
        entity.predictions.append(p1)
        registry.register_material(entity)
    
        # Check DB
        preds = test_lake.execute_read("SELECT predicted_tc FROM predictions WHERE material_id=?", (mat_id,))
>       assert len(preds) == 1
E       assert 0 == 1
E        +  where 0 = len([])

tests\test_knowledge_graph.py:55: AssertionError
___________________________ test_embeddings_storage ___________________________

test_lake = <superconductor.materials_lake.MaterialsLake object at 0x0000019EAFF43490>

    def test_embeddings_storage(test_lake):
        registry = MaterialRegistry(test_lake)
        mat_id = gen_id("MAT")
        pred_id = gen_id("PRD")
        exp_id = gen_id("EXP")
    
        entity = MaterialEntity(id=mat_id, formula="YBa2Cu3O7", reduced_formula="YBa2Cu3O7", source="Imported")
        registry.register_material(entity)
    
        vec = np.array([0.1, 0.2, 0.3], dtype=np.float32)
        emb = registry.save_latent_vector(mat_id, pred_id, exp_id, vec)
    
        assert emb.id.startswith("QMATIS-EMB-")
        rows = test_lake.execute_read("SELECT * FROM embeddings WHERE material_id = ?", (mat_id,))
>       assert len(rows) == 1
E       assert 0 == 1
E        +  where 0 = len([])

tests\test_knowledge_graph.py:91: AssertionError
_________________________ test_pipeline_stage_resume __________________________

test_lake = <superconductor.materials_lake.MaterialsLake object at 0x0000019EAFF6F750>

    def test_pipeline_stage_resume(test_lake):
        state_mgr = ResearchStateManager(test_lake)
        exp_id = "EXP-TEST-STAGE"
    
>       state_mgr.update_pipeline_stage(exp_id, "PRETRAIN", ["DOWNLOAD", "GRAPH_BUILD"])
        ^^^^^^^^^^^^^^^^^^^^^^^^^^^^^^^
E       AttributeError: 'ResearchStateManager' object has no attribute 'update_pipeline_stage'

tests\test_state_manager.py:19: AttributeError
________________________ test_partial_candidate_resume ________________________

test_lake = <superconductor.materials_lake.MaterialsLake object at 0x0000019EB006E030>

    def test_partial_candidate_resume(test_lake):
        state_mgr = ResearchStateManager(test_lake)
        batch_id = "BATCH-TEST-2"
    
        # Manually simulate that we crashed at index 1 (meaning 0 and 1 are processed)
>       state_mgr.update_candidate_cursor(batch_id, "EXP-1", 4, 1)

tests\test_state_manager.py:70: 
_ _ _ _ _ _ _ _ _ _ _ _ _ _ _ _ _ _ _ _ _ _ _ _ _ _ _ _ _ _ _ _ _ _ _ _ _ _ _ _
superconductor\state_manager.py:108: in update_candidate_cursor
    self.lake.execute_write("""
_ _ _ _ _ _ _ _ _ _ _ _ _ _ _ _ _ _ _ _ _ _ _ _ _ _ _ _ _ _ _ _ _ _ _ _ _ _ _ _

self = <superconductor.materials_lake.MaterialsLake object at 0x0000019EB006E030>
query = '\n                INSERT INTO generation_cursors (batch_id, experiment_id, total_requested, last_processed_index, status, last_updated)\n                VALUES (?, ?, ?, ?, ?, ?)\n            '
parameters = ('BATCH-TEST-2', 'EXP-1', 4, 1, 'RUNNING', '2026-07-07T12:31:17.624240')

    def execute_write(self, query: str, parameters: tuple = ()):
        with sqlite3.connect(self.db_path) as conn:
            # Enforce FK on writes as well
            conn.execute("PRAGMA foreign_keys = ON;")
            cursor = conn.cursor()
>           cursor.execute(query, parameters)
E           sqlite3.IntegrityError: FOREIGN KEY constraint failed

superconductor\materials_lake.py:378: IntegrityError
============================== warnings summary ===============================
..\..\AppData\Local\Python\pythoncore-3.14-64\Lib\site-packages\torch\jit\_script.py:1482
..\..\AppData\Local\Python\pythoncore-3.14-64\Lib\site-packages\torch\jit\_script.py:1482
  C:\Users\Aaron\AppData\Local\Python\pythoncore-3.14-64\Lib\site-packages\torch\jit\_script.py:1482: DeprecationWarning: `torch.jit.script` is not supported in Python 3.14+ and may break. Please switch to `torch.compile` or `torch.export`.
    warnings.warn(

tests/test_candidate_gen.py::test_symmetry_filter
tests/test_candidate_gen.py::test_bond_valence_filter
tests/test_candidate_gen.py::test_engine_generation
tests/test_candidate_gen.py::test_engine_generation
tests/test_state_manager.py::test_candidate_cursor_resume
tests/test_state_manager.py::test_candidate_cursor_resume
  C:\Users\Aaron\AppData\Local\Python\pythoncore-3.14-64\Lib\site-packages\spglib\spg.py:438: DeprecationWarning: Set OLD_ERROR_HANDLING to false and catch the errors directly.
    _set_no_error(_throw)

tests/test_candidate_gen.py: 4 warnings
tests/test_state_manager.py: 7 warnings
  C:\Users\Aaron\Desktop\Discovery\superconductor\candidate_gen.py:181: DeprecationWarning: dict interface is deprecated. Use attribute interface instead
    w_orig = SpacegroupAnalyzer(original).get_symmetry_dataset()["wyckoffs"]

tests/test_candidate_gen.py: 4 warnings
tests/test_state_manager.py: 7 warnings
  C:\Users\Aaron\Desktop\Discovery\superconductor\candidate_gen.py:182: DeprecationWarning: dict interface is deprecated. Use attribute interface instead
    w_cand = SpacegroupAnalyzer(candidate).get_symmetry_dataset()["wyckoffs"]

tests/test_candidate_gen.py: 4 warnings
tests/test_state_manager.py: 7 warnings
  C:\Users\Aaron\AppData\Local\Python\pythoncore-3.14-64\Lib\site-packages\spglib\spg.py:354: DeprecationWarning: Set OLD_ERROR_HANDLING to false and catch the errors directly.
    _set_no_error()

tests/test_candidate_gen.py::test_engine_generation
tests/test_candidate_gen.py::test_engine_generation
tests/test_knowledge_graph.py::test_event_sourcing_append
tests/test_knowledge_graph.py::test_embeddings_storage
tests/test_state_manager.py::test_candidate_cursor_resume
tests/test_state_manager.py::test_candidate_cursor_resume
tests/test_state_manager.py::test_candidate_cursor_resume
tests/test_state_manager.py::test_candidate_cursor_resume
  C:\Users\Aaron\Desktop\Discovery\superconductor\material_entity.py:119: DeprecationWarning: datetime.datetime.utcnow() is deprecated and scheduled for removal in a future version. Use timezone-aware objects to represent datetimes in UTC: datetime.datetime.now(datetime.UTC).
    created_at: str = field(default_factory=lambda: datetime.utcnow().isoformat())

tests/test_candidate_gen.py: 8 warnings
tests/test_state_manager.py: 20 warnings
  C:\Users\Aaron\Desktop\Discovery\superconductor\material_entity.py:58: DeprecationWarning: datetime.datetime.utcnow() is deprecated and scheduled for removal in a future version. Use timezone-aware objects to represent datetimes in UTC: datetime.datetime.now(datetime.UTC).
    timestamp: str = field(default_factory=lambda: datetime.utcnow().isoformat())

tests/test_candidate_gen.py: 3 warnings
tests/test_state_manager.py: 7 warnings
  C:\Users\Aaron\Desktop\Discovery\superconductor\material_entity.py:68: DeprecationWarning: datetime.datetime.utcnow() is deprecated and scheduled for removal in a future version. Use timezone-aware objects to represent datetimes in UTC: datetime.datetime.now(datetime.UTC).
    timestamp: str = field(default_factory=lambda: datetime.utcnow().isoformat())

tests/test_knowledge_graph.py::test_experiment_registry
tests/test_knowledge_graph.py::test_event_sourcing_append
tests/test_state_manager.py::test_candidate_cursor_resume
  C:\Users\Aaron\Desktop\Discovery\superconductor\material_entity.py:23: DeprecationWarning: datetime.datetime.utcnow() is deprecated and scheduled for removal in a future version. Use timezone-aware objects to represent datetimes in UTC: datetime.datetime.now(datetime.UTC).
    start_time: str = field(default_factory=lambda: datetime.utcnow().isoformat())

tests/test_knowledge_graph.py::test_experiment_registry
  C:\Users\Aaron\Desktop\Discovery\superconductor\material_entity.py:34: DeprecationWarning: datetime.datetime.utcnow() is deprecated and scheduled for removal in a future version. Use timezone-aware objects to represent datetimes in UTC: datetime.datetime.now(datetime.UTC).
    timestamp: str = field(default_factory=lambda: datetime.utcnow().isoformat())

tests/test_knowledge_graph.py::test_experiment_registry
  C:\Users\Aaron\Desktop\Discovery\superconductor\material_entity.py:43: DeprecationWarning: datetime.datetime.utcnow() is deprecated and scheduled for removal in a future version. Use timezone-aware objects to represent datetimes in UTC: datetime.datetime.now(datetime.UTC).
    timestamp: str = field(default_factory=lambda: datetime.utcnow().isoformat())

tests/test_knowledge_graph.py::test_event_sourcing_append
  C:\Users\Aaron\Desktop\Discovery\superconductor\material_entity.py:79: DeprecationWarning: datetime.datetime.utcnow() is deprecated and scheduled for removal in a future version. Use timezone-aware objects to represent datetimes in UTC: datetime.datetime.now(datetime.UTC).
    timestamp: str = field(default_factory=lambda: datetime.utcnow().isoformat())

tests/test_knowledge_graph.py::test_embeddings_storage
  C:\Users\Aaron\Desktop\Discovery\superconductor\material_entity.py:89: DeprecationWarning: datetime.datetime.utcnow() is deprecated and scheduled for removal in a future version. Use timezone-aware objects to represent datetimes in UTC: datetime.datetime.now(datetime.UTC).
    timestamp: str = field(default_factory=lambda: datetime.utcnow().isoformat())

tests/test_state_manager.py::test_candidate_cursor_resume
tests/test_state_manager.py::test_candidate_cursor_resume
tests/test_state_manager.py::test_candidate_cursor_resume
tests/test_state_manager.py::test_candidate_cursor_resume
tests/test_state_manager.py::test_partial_candidate_resume
  C:\Users\Aaron\Desktop\Discovery\superconductor\state_manager.py:99: DeprecationWarning: datetime.datetime.utcnow() is deprecated and scheduled for removal in a future version. Use timezone-aware objects to represent datetimes in UTC: datetime.datetime.now(datetime.UTC).
    now = datetime.utcnow().isoformat()

tests/test_transfer_learning.py: 48 warnings
  C:\Users\Aaron\AppData\Local\Python\pythoncore-3.14-64\Lib\site-packages\torch_geometric\inspector.py:433: DeprecationWarning: Failing to pass a value to the 'type_params' parameter of 'typing._eval_type' is deprecated, as it leads to incorrect behaviour when calling typing._eval_type on a stringified annotation that references a PEP 695 type parameter. It will be disallowed in Python 3.15.
    return typing._eval_type(value, _globals, None)  # type: ignore

-- Docs: https://docs.pytest.org/en/stable/how-to/capture-warnings.html
=========================== short test summary info ===========================
FAILED tests/test_checkpoint_manager.py::test_checkpoint_manager_save_load - ...
FAILED tests/test_knowledge_graph.py::test_event_sourcing_append - assert 0 == 1
FAILED tests/test_knowledge_graph.py::test_embeddings_storage - assert 0 == 1
FAILED tests/test_state_manager.py::test_pipeline_stage_resume - AttributeErr...
FAILED tests/test_state_manager.py::test_partial_candidate_resume - sqlite3.I...
================= 5 failed, 16 passed, 147 warnings in 20.20s =================
