============================= test session starts =============================
platform win32 -- Python 3.14.5, pytest-9.1.1, pluggy-1.6.0
rootdir: C:\Users\Aaron\Desktop\Discovery
plugins: anyio-4.13.0, typeguard-4.5.2
collected 19 items

tests\test_candidate_gen.py .......F                                     [ 42%]
tests\test_data_layer.py ...                                             [ 57%]
tests\test_knowledge_graph.py ...                                        [ 73%]
tests\test_pipeline.py .                                                 [ 78%]
tests\test_state_manager.py ...                                          [ 94%]
tests\test_transfer_learning.py .                                        [100%]

================================== FAILURES ===================================
___________________________ test_engine_generation ____________________________

base_structure = Structure Summary
Lattice
    abc : 5.64 5.64 5.64
 angles : 90.0 90.0 90.0
 volume : 179.40614399999995
      A : 5.6...) [0.0, 0.5, 0.0]
PeriodicSite: Cl (0.0, 0.0, 2.82) [0.0, 0.0, 0.5]
PeriodicSite: Cl (2.82, 2.82, 2.82) [0.5, 0.5, 0.5]

    def test_engine_generation(base_structure):
        config = {
            "candidate_generation": {
                "database_path": "data/tests_candidates.db",
                "enable_multiprocessing": False,
                "bond_valence": {
                    "enabled": True,
                    "max_exact_atoms": 100,
                    "fallback": "heuristic"
                },
                "filters": {
                    "charge_neutrality": True,
                    "goldschmidt_perovskite": False,
                    "wyckoff_preservation": True,
                    "duplicate_detection": True
                }
            }
        }
        engine = PhysicsAwareCandidateEngine(config)
    
        # Test valid substitution (Na -> K)
        res = engine.generate(base_structure, "substitution", substitutions=[{"Na": "K"}])
        assert len(res) == 1
>       assert "K" in res[0]["structure"].composition.as_dict()
                      ^^^^^^^^^^^^^^^^^^^
E       TypeError: 'MaterialEntity' object is not subscriptable

tests\test_candidate_gen.py:123: TypeError
============================== warnings summary ===============================
..\..\AppData\Local\Python\pythoncore-3.14-64\Lib\site-packages\torch\jit\_script.py:1482
..\..\AppData\Local\Python\pythoncore-3.14-64\Lib\site-packages\torch\jit\_script.py:1482
  C:\Users\Aaron\AppData\Local\Python\pythoncore-3.14-64\Lib\site-packages\torch\jit\_script.py:1482: DeprecationWarning: `torch.jit.script` is not supported in Python 3.14+ and may break. Please switch to `torch.compile` or `torch.export`.
    warnings.warn(

tests/test_candidate_gen.py::test_symmetry_filter
tests/test_candidate_gen.py::test_bond_valence_filter
tests/test_state_manager.py::test_candidate_cursor_resume
tests/test_state_manager.py::test_candidate_cursor_resume
  C:\Users\Aaron\AppData\Local\Python\pythoncore-3.14-64\Lib\site-packages\spglib\spg.py:438: DeprecationWarning: Set OLD_ERROR_HANDLING to false and catch the errors directly.
    _set_no_error(_throw)

tests/test_candidate_gen.py: 3 warnings
tests/test_state_manager.py: 10 warnings
  C:\Users\Aaron\Desktop\Discovery\superconductor\candidate_gen.py:181: DeprecationWarning: dict interface is deprecated. Use attribute interface instead
    w_orig = SpacegroupAnalyzer(original).get_symmetry_dataset()["wyckoffs"]

tests/test_candidate_gen.py: 3 warnings
tests/test_state_manager.py: 10 warnings
  C:\Users\Aaron\Desktop\Discovery\superconductor\candidate_gen.py:182: DeprecationWarning: dict interface is deprecated. Use attribute interface instead
    w_cand = SpacegroupAnalyzer(candidate).get_symmetry_dataset()["wyckoffs"]

tests/test_candidate_gen.py: 3 warnings
tests/test_state_manager.py: 10 warnings
  C:\Users\Aaron\AppData\Local\Python\pythoncore-3.14-64\Lib\site-packages\spglib\spg.py:354: DeprecationWarning: Set OLD_ERROR_HANDLING to false and catch the errors directly.
    _set_no_error()

tests/test_candidate_gen.py: 1 warning
tests/test_knowledge_graph.py: 3 warnings
tests/test_state_manager.py: 6 warnings
  C:\Users\Aaron\Desktop\Discovery\superconductor\material_entity.py:118: DeprecationWarning: datetime.datetime.utcnow() is deprecated and scheduled for removal in a future version. Use timezone-aware objects to represent datetimes in UTC: datetime.datetime.now(datetime.UTC).
    created_at: str = field(default_factory=lambda: datetime.utcnow().isoformat())

tests/test_candidate_gen.py: 4 warnings
tests/test_state_manager.py: 30 warnings
  C:\Users\Aaron\Desktop\Discovery\superconductor\material_entity.py:58: DeprecationWarning: datetime.datetime.utcnow() is deprecated and scheduled for removal in a future version. Use timezone-aware objects to represent datetimes in UTC: datetime.datetime.now(datetime.UTC).
    timestamp: str = field(default_factory=lambda: datetime.utcnow().isoformat())

tests/test_candidate_gen.py::test_engine_generation
tests/test_knowledge_graph.py::test_event_sourcing_append
tests/test_knowledge_graph.py::test_event_sourcing_append
tests/test_state_manager.py::test_candidate_cursor_resume
tests/test_state_manager.py::test_candidate_cursor_resume
tests/test_state_manager.py::test_candidate_cursor_resume
tests/test_state_manager.py::test_partial_candidate_resume
  C:\Users\Aaron\Desktop\Discovery\superconductor\material_entity.py:79: DeprecationWarning: datetime.datetime.utcnow() is deprecated and scheduled for removal in a future version. Use timezone-aware objects to represent datetimes in UTC: datetime.datetime.now(datetime.UTC).
    timestamp: str = field(default_factory=lambda: datetime.utcnow().isoformat())

tests/test_candidate_gen.py::test_engine_generation
tests/test_state_manager.py::test_candidate_cursor_resume
tests/test_state_manager.py::test_candidate_cursor_resume
tests/test_state_manager.py::test_candidate_cursor_resume
tests/test_state_manager.py::test_candidate_cursor_resume
tests/test_state_manager.py::test_partial_candidate_resume
tests/test_state_manager.py::test_partial_candidate_resume
  C:\Users\Aaron\Desktop\Discovery\superconductor\material_entity.py:68: DeprecationWarning: datetime.datetime.utcnow() is deprecated and scheduled for removal in a future version. Use timezone-aware objects to represent datetimes in UTC: datetime.datetime.now(datetime.UTC).
    timestamp: str = field(default_factory=lambda: datetime.utcnow().isoformat())

tests/test_candidate_gen.py::test_engine_generation
tests/test_knowledge_graph.py::test_embeddings_storage
tests/test_state_manager.py::test_candidate_cursor_resume
tests/test_state_manager.py::test_candidate_cursor_resume
tests/test_state_manager.py::test_candidate_cursor_resume
tests/test_state_manager.py::test_partial_candidate_resume
  C:\Users\Aaron\Desktop\Discovery\superconductor\material_entity.py:88: DeprecationWarning: datetime.datetime.utcnow() is deprecated and scheduled for removal in a future version. Use timezone-aware objects to represent datetimes in UTC: datetime.datetime.now(datetime.UTC).
    timestamp: str = field(default_factory=lambda: datetime.utcnow().isoformat())

tests/test_knowledge_graph.py::test_experiment_registry
tests/test_knowledge_graph.py::test_event_sourcing_append
tests/test_state_manager.py::test_candidate_cursor_resume
  C:\Users\Aaron\Desktop\Discovery\superconductor\material_entity.py:23: DeprecationWarning: datetime.datetime.utcnow() is deprecated and scheduled for removal in a future version. Use timezone-aware objects to represent datetimes in UTC: datetime.datetime.now(datetime.UTC).
    start_time: str = field(default_factory=lambda: datetime.utcnow().isoformat())

tests/test_knowledge_graph.py::test_experiment_registry
  C:\Users\Aaron\Desktop\Discovery\superconductor\material_entity.py:34: DeprecationWarning: datetime.datetime.utcnow() is deprecated and scheduled for removal in a future version. Use timezone-aware objects to represent datetimes in UTC: datetime.datetime.now(datetime.UTC).
    timestamp: str = field(default_factory=lambda: datetime.utcnow().isoformat())

tests/test_knowledge_graph.py::test_experiment_registry
  C:\Users\Aaron\Desktop\Discovery\superconductor\material_entity.py:43: DeprecationWarning: datetime.datetime.utcnow() is deprecated and scheduled for removal in a future version. Use timezone-aware objects to represent datetimes in UTC: datetime.datetime.now(datetime.UTC).
    timestamp: str = field(default_factory=lambda: datetime.utcnow().isoformat())

tests/test_state_manager.py::test_pipeline_stage_resume
tests/test_state_manager.py::test_pipeline_stage_resume
  C:\Users\Aaron\Desktop\Discovery\superconductor\state_manager.py:59: DeprecationWarning: datetime.datetime.utcnow() is deprecated and scheduled for removal in a future version. Use timezone-aware objects to represent datetimes in UTC: datetime.datetime.now(datetime.UTC).
    now = datetime.utcnow().isoformat()

tests/test_state_manager.py::test_candidate_cursor_resume
tests/test_state_manager.py::test_candidate_cursor_resume
tests/test_state_manager.py::test_candidate_cursor_resume
tests/test_state_manager.py::test_candidate_cursor_resume
tests/test_state_manager.py::test_partial_candidate_resume
tests/test_state_manager.py::test_partial_candidate_resume
tests/test_state_manager.py::test_partial_candidate_resume
  C:\Users\Aaron\Desktop\Discovery\superconductor\state_manager.py:87: DeprecationWarning: datetime.datetime.utcnow() is deprecated and scheduled for removal in a future version. Use timezone-aware objects to represent datetimes in UTC: datetime.datetime.now(datetime.UTC).
    now = datetime.utcnow().isoformat()

tests/test_transfer_learning.py: 48 warnings
  C:\Users\Aaron\AppData\Local\Python\pythoncore-3.14-64\Lib\site-packages\torch_geometric\inspector.py:433: DeprecationWarning: Failing to pass a value to the 'type_params' parameter of 'typing._eval_type' is deprecated, as it leads to incorrect behaviour when calling typing._eval_type on a stringified annotation that references a PEP 695 type parameter. It will be disallowed in Python 3.15.
    return typing._eval_type(value, _globals, None)  # type: ignore

-- Docs: https://docs.pytest.org/en/stable/how-to/capture-warnings.html
=========================== short test summary info ===========================
FAILED tests/test_candidate_gen.py::test_engine_generation - TypeError: 'Mate...
================= 1 failed, 18 passed, 171 warnings in 12.52s =================
